<div  >
  <label  >Address</label>
  <span >5th St.</span>
</div>
<div class="panel">
  <div  >
    <label  >Address</label>
    <span >5th St.</span>
  </div>
</div>
<div class="panel">
  <div  >
    <label  >Address</label>
    <span >5th St.</span>
  </div>
</div>
<div class="panel">
  <div  >
    <label  >Address</label>
    <span >5th St.</span>
  </div>
</div>
<div class="panel">
  <div  >
    <label  >Address</label>
    <span >5th St.</span>
  </div>
</div>
<div class="panel">
  <div class="panel">
    <div  >
      <label  >Address</label>
      <span >5th St.</span>
    </div>
  </div>
</div>
<div  >
  <label  >Address</label>
  <span >5th St.</span>
</div>
