<div class="panel">
  <div class="row">
    <label>Address</label>
    <div class="show_text">5th St.</div>
  </div>
</div>
<div class="panel">
  <div class="row">
    <label>Address</label>
    <div class="show_text">5th St.</div>
  </div>
</div>
<div class="panel">
  <div class="row">
    <label>Address</label>
    <div class="show_text">5th St.</div>
  </div>
</div>
<div class="panel">
  <div class="row">
    <label>Address</label>
    <div class="show_text">5th St.</div>
  </div>
</div>
