<div>
    <div>
        <div>
            <label>Address</label>
            <span>5thSt.</span>
        </div>
    </div>
    <div>
        <div>
            <label>Address</label>
            <span>5thSt.</span>
        </div>
    </div>
</div>